
> feedback-form@0.1.0 build
> react-scripts build

npm.cmd : (node:10840) [DEP0176] DeprecationWarning: fs.F_OK is deprecated, 
use fs.constants.F_OK instead
At line:1 char:1
+ & 'C:\Program Files\nodejs\npm.cmd' run build 2>&1 | Tee-Object -File ...
+ ~~~~~~~~~~~~~~~~~~~~~~~~~~~~~~~~~~~~~~~~~~~~~~~~~~
    + CategoryInfo          : NotSpecified: ((node:10840) [D...ts.F_OK instead 
   :String) [], RemoteException
    + FullyQualifiedErrorId : NativeCommandError
 
(Use `node --trace-deprecation ...` to show where the warning was created)
Creating an optimized production build...
Compiled successfully.

File sizes after gzip:

  161.51 kB  build\static\js\main.afebb64a.js
  381 B      build\static\css\main.29c86526.css

The project was built assuming it is hosted at /.
You can control this with the homepage field in your package.json.

The build folder is ready to be deployed.
You may serve it with a static server:

  npm install -g serve
  serve -s build

Find out more about deployment here:

  https://cra.link/deployment

